// Vitest Snapshot v1, https://vitest.dev/guide/snapshot.html

exports[`App.vue > snapshot > is OK 1`] = `null`;
