// Vitest Snapshot v1, https://vitest.dev/guide/snapshot.html

exports[`ToDoItem.vue > Snapshot > is OK 1`] = `
<div
  class="v-container to-do-item d-flex flex-wrap bg-grey-lighten-3 rounded mb-2"
  data-v-4d72f269=""
>
  <div
    class="v-input v-input--horizontal v-input--density-default v-input--dirty v-checkbox flex-grow-0 to-do-item__checkbox to-do-item__checkbox--unchecked"
    data-test-id="to-do-item__checkbox"
    data-v-4d72f269=""
  >
    <!---->
    <div
      class="v-input__control"
    >
      
      <div
        class="v-selection-control v-selection-control--inline v-selection-control--density-default v-checkbox-btn"
      >
        <div
          class="v-selection-control__wrapper"
        >
          <!---->
          <div
            class="v-selection-control__input"
          >
            <i
              aria-hidden="true"
              class="mdi-checkbox-blank-outline mdi v-icon notranslate v-theme--light v-icon--size-default"
            />
            <input
              aria-describedby="checkbox-0-messages"
              aria-disabled="false"
              id="checkbox-0"
              indeterminateicon="$checkboxIndeterminate"
              type="checkbox"
              value="true"
            />
            <!---->
          </div>
        </div>
        <label
          class="v-label v-label--clickable"
          for="checkbox-0"
        >
          <!---->
          
          Undone
          
        </label>
      </div>
      
    </div>
    <!---->
    <!---->
  </div>
  <div
    class="v-input v-input--horizontal v-input--density-default v-input--dirty v-input--disabled v-textarea v-text-field v-textarea--no-resize flex-grow-1"
    data-test-id="to-do-item__textarea"
    data-v-4d72f269=""
  >
    <!---->
    <div
      class="v-input__control"
    >
      
      <div
        class="v-field v-field--active v-field--appended v-field--disabled v-field--dirty v-field--has-background v-field--no-label v-field--variant-filled v-theme--light bg-transparent"
        role="textbox"
      >
        <div
          class="v-field__overlay"
        />
        <div
          class="v-field__loader"
        >
          <div
            aria-hidden="true"
            aria-valuemax="100"
            aria-valuemin="0"
            class="v-progress-linear v-theme--light"
            role="progressbar"
            style="top: 0px; height: 0px; --v-progress-linear-height: 2px; left: 50%; transform: translateX(-50%);"
          >
            <!---->
            <div
              class="v-progress-linear__background"
              style="width: 100%;"
            />
            <transition-stub
              appear="false"
              css="true"
              name="fade-transition"
              persisted="false"
            >
              <div
                class="v-progress-linear__indeterminate"
              >
                
                <div
                  class="v-progress-linear__indeterminate long"
                />
                <div
                  class="v-progress-linear__indeterminate short"
                />
                
              </div>
            </transition-stub>
            <!---->
          </div>
        </div>
        <!---->
        <div
          class="v-field__field"
          data-no-activator=""
        >
          <!---->
          <label
            class="v-label v-field-label"
            for="input-4"
          >
            <!---->
            
            <!---->
            
          </label>
          
          
          <!---->
          <textarea
            aria-describedby="input-4-messages"
            class="v-field__input"
            disabled=""
            id="input-4"
            rows="1"
          />
          <!---->
          <!---->
          
          
        </div>
        <transition-stub
          appear="false"
          css="true"
          name="expand-x-transition"
          persisted="false"
        >
          <div
            class="v-field__clearable"
          >
            <i
              aria-hidden="false"
              aria-label="Clear "
              class="mdi-close-circle mdi v-icon notranslate v-theme--light v-icon--size-default v-icon--clickable"
              role="button"
            />
          </div>
        </transition-stub>
        <div
          class="v-field__append-inner"
        >
          <!---->
          <!---->
        </div>
        <div
          class="v-field__outline"
        >
          <!---->
          <!---->
        </div>
      </div>
      
    </div>
    <!---->
    <!---->
  </div>
  <div
    class="ml-4"
    data-v-4d72f269=""
  >
    <button
      class="v-btn v-btn--elevated v-theme--light bg-warning v-btn--density-default v-btn--size-large v-btn--variant-elevated mt-2 mr-2"
      data-test-id="to-do-item__edit-btn"
      data-v-4d72f269=""
      type="button"
    >
      
      <span
        class="v-btn__overlay"
      />
      <span
        class="v-btn__underlay"
      />
      
      <!---->
      <span
        class="v-btn__content"
        data-no-activator=""
      >
        
         Edit 
        
      </span>
      <!---->
      <!---->
    </button>
    <!--v-if-->
    <button
      class="v-btn v-btn--elevated v-theme--light bg-error v-btn--density-default v-btn--size-large v-btn--variant-elevated mt-2"
      data-test-id="to-do-item__delete-btn"
      data-v-4d72f269=""
      type="button"
    >
      
      <span
        class="v-btn__overlay"
      />
      <span
        class="v-btn__underlay"
      />
      
      <!---->
      <span
        class="v-btn__content"
        data-no-activator=""
      >
        
         Delete 
        
      </span>
      <!---->
      <!---->
    </button>
  </div>
</div>
`;
